===== 监控抢窗口开始 09:39:43Z =====
[第1次] 可达但未连上: Controlled denial of service
[第2次] 可达但未连上: Controlled denial of service
[第3次] 可达但未连上: Controlled denial of service
[第4次] 可达但未连上: Controlled denial of service
[第5次] 可达但未连上: Controlled denial of service
[第6次] 可达但未连上: Controlled denial of service
[第7次] 可达但未连上: Controlled denial of service
[第8次] 可达但未连上: Controlled denial of service
[第9次] 可达但未连上: Controlled denial of service
[第10次] 可达但未连上: Controlled denial of service
[第11次] 可达但未连上: Controlled denial of service
[第12次] 可达但未连上: Controlled denial of service
[第13次] 可达但未连上: Controlled denial of service
[第14次] 可达但未连上: Controlled denial of service
[第15次] 可达但未连上: Controlled denial of service
[第16次] 可达但未连上: Controlled denial of service
[第17次] 可达但未连上: Controlled denial of service
[第18次] 可达但未连上: Controlled denial of service
[第19次] 可达但未连上: Controlled denial of service
[第20次] 可达但未连上: Controlled denial of service
[第21次] 可达但未连上: Controlled denial of service
[第22次] 可达但未连上: Controlled denial of service
[第23次] 可达但未连上: Controlled denial of service
[第24次] 可达但未连上: Controlled denial of service
[第25次] 可达但未连上: Controlled denial of service
[第26次] 可达但未连上: Controlled denial of service
[第27次] 可达但未连上: Controlled denial of service
[第28次] 可达但未连上: Controlled denial of service
[第29次] 可达但未连上: Controlled denial of service
[第30次] 可达但未连上: Controlled denial of service
[第31次] 可达但未连上: Controlled denial of service
[第32次] 可达但未连上: Controlled denial of service
[第33次] 可达但未连上: Controlled denial of service
[第34次] 可达但未连上: Controlled denial of service
[第35次] 可达但未连上: Controlled denial of service
[第36次] 可达但未连上: Controlled denial of service
[第37次] 可达但未连上: Controlled denial of service
[第38次] 可达但未连上: Controlled denial of service
[第39次] 可达但未连上: Controlled denial of service
[第40次] 可达但未连上: Controlled denial of service
[第41次] 可达但未连上: Controlled denial of service
[第42次] 可达但未连上: Controlled denial of service
[第43次] 可达但未连上: Controlled denial of service
[第44次] 可达但未连上: Controlled denial of service
[第45次] 可达但未连上: Controlled denial of service
[第46次] 可达但未连上: Controlled denial of service
[第47次] 可达但未连上: Controlled denial of service
[第48次] 可达但未连上: Controlled denial of service
[第49次] 可达但未连上: Controlled denial of service
[第50次] 可达但未连上: Controlled denial of service
[第51次] 可达但未连上: Controlled denial of service
[第52次] 可达但未连上: Controlled denial of service
[第53次] 可达但未连上: Controlled denial of service
[第54次] 可达但未连上: Controlled denial of service
[第55次] 可达但未连上: Controlled denial of service
[第56次] 可达但未连上: Controlled denial of service
[第57次] 可达但未连上: Controlled denial of service
[第58次] 可达但未连上: Controlled denial of service
[第59次] 可达但未连上: Controlled denial of service
[第60次] 可达但未连上: Controlled denial of service
[第61次] 可达但未连上: Controlled denial of service
[第62次] 可达但未连上: Controlled denial of service
[第63次] 可达但未连上: Controlled denial of service
[第64次] 可达但未连上: Controlled denial of service
[第65次] 可达但未连上: Controlled denial of service
[第66次] 可达但未连上: Controlled denial of service
[第67次] 可达但未连上: Controlled denial of service
[第68次] 可达但未连上: Controlled denial of service
[第69次] 可达但未连上: Controlled denial of service
[第70次] 可达但未连上: Controlled denial of service
[第71次] 可达但未连上: Controlled denial of service
[第72次] 可达但未连上: Controlled denial of service
[第73次] 可达但未连上: Controlled denial of service
[第74次] 可达但未连上: Controlled denial of service
[第75次] 可达但未连上: Controlled denial of service
[第76次] 可达但未连上: Controlled denial of service
[第77次] 可达但未连上: Controlled denial of service
[第78次] 可达但未连上: Controlled denial of service
[第79次] 可达但未连上: Controlled denial of service
[第80次] 可达但未连上: Controlled denial of service
[第81次] 可达但未连上: Controlled denial of service
[第82次] 可达但未连上: Controlled denial of service
[第83次] 可达但未连上: Controlled denial of service
[第84次] 可达但未连上: Controlled denial of service
[第85次] 可达但未连上: Controlled denial of service
[第86次] 可达但未连上: Controlled denial of service
[第87次] 可达但未连上: Controlled denial of service
[第88次] 可达但未连上: Controlled denial of service
[第89次] 可达但未连上: Controlled denial of service
[第90次] 可达但未连上: Controlled denial of service
[第91次] 可达但未连上: Controlled denial of service
[第92次] 可达但未连上: Controlled denial of service
[第93次] 可达但未连上: Controlled denial of service
[第94次] 可达但未连上: Controlled denial of service
[第95次] 可达但未连上: Controlled denial of service
[第96次] 可达但未连上: Controlled denial of service
[第97次] 狗不可达(重启中/AP未回)
[第98次] 狗不可达(重启中/AP未回)
[第99次] 可达但未连上: ShakeHand failed
[第100次] 可达但未连上: ShakeHand failed
[第101次] 可达但未连上: ShakeHand failed
[第102次] 可达但未连上: ShakeHand failed
===== [第103次] 抢到窗口！stand01 已连上 09:42:43Z =====
[stand01] connecting 192.168.234.1:8082 (SDK 0.1.1) ...
[stand01] ✓ connected
[stand01] 开状态上报，读初始状态 2s
[stand01] >>> TakeControl
[stand01] TakeControl(): ok
[stand01] >>> SetMode(1) 通用模式
[stand01] SetMode(1): ok
[CTRL] TakeControlAck: SUCCESS 'OK'
[STATE] motion=2(LIE_DOWN)  estop sw=1 hw=1  batt=49%/48% chg=2
[stand01] >>> StandUp
[stand01] StandUp(): ok
[stand01] 观察 8s，看 motion 是否变 STAND_UP...
[CTRL] robot acked StandUp
[STATE] motion=1(STAND_UP)  estop sw=1 hw=1  batt=49%/48% chg=2
[STATE] motion=5(GENERAL)  estop sw=1 hw=1  batt=49%/48% chg=2
[stand01] 最终 motion=GENERAL
[stand01] >>> ReleaseControl
[stand01] done. （若 motion 仍 LIE_DOWN，则 0.1.1 自激活不成立）
