============================================================
 D1 Max：站起 + 前进 0.5s（会向前平移！前方留 ≥1 米空地）
 本脚本先重启机器狗清锁，再单会话 激活→站起→前进→停。
 确认：App 已关且不自动重连 / 遥控器关机 /
       前方及四周(含机器下方)清空 / 人在安全侧 / 急停在手。
============================================================
>> 都确认了？回车继续，Ctrl-C 退出... 
===== 1. 确保 WiFi 连在机器狗上 =====
[2KDevice 'wlp59s0' successfully activated with '8a620c67-3514-46b4-a0ea-2b2303759c2e'.
机器狗可达 ✓

===== 2. 重启 RK3588 清锁（SSH 密码 bot，sudo 密码 bot） =====
Connection to 192.168.234.1 closed by remote host.
Connection to 192.168.234.1 closed.
(连接已断/命令已发，正常)

===== 3. 等机器狗重启（先掉线再上线，约 1-2 分钟） =====
  等待下线 .已下线
  等待上线 已上线 ✓
  给运控服务 8 秒启动时间...

===== 4. 最后确认：马上站起并前进 0.5s =====
>> 前方≥1米空地、周围清空、急停在手？回车=开始，Ctrl-C=放弃... 