[walk1] connecting 192.168.234.1:8082 ...
[walk1] ✓ connected
[2026-09-01 14:33:49.119] [ERROR] (327) [json.exception.out_of_range.403] key 'current_state' not found
[walk1] 开启 运控/速度 上报
[2026-09-01 14:33:49.925] [ERROR] (327) [json.exception.out_of_range.403] key 'current_state' not found
[walk1] >>> TakeControl
[walk1] TakeControl(): ok
[walk1] >>> SwitchRemoteState (激活电机)
[CTRL] TakeControlAck: SUCCESS 'OK'
[2026-09-01 14:33:50.926] [ERROR] (327) [json.exception.out_of_range.403] key 'current_state' not found
[2026-09-01 14:33:51.926] [ERROR] (327) [json.exception.out_of_range.403] key 'current_state' not found
[2026-09-01 14:33:52.926] [ERROR] (327) [json.exception.out_of_range.403] key 'current_state' not found
[2026-09-01 14:33:53.926] [ERROR] (327) [json.exception.out_of_range.403] key 'current_state' not found
[2026-09-01 14:33:54.928] [ERROR] (327) [json.exception.out_of_range.403] key 'current_state' not found
[walk1] machine=?
[walk1] >>> StandUp，稳定 4s
[CTRL] robot acked StandUp
[2026-09-01 14:33:55.927] [ERROR] (327) [json.exception.out_of_range.403] key 'current_state' not found
[2026-09-01 14:33:56.931] [ERROR] (327) [json.exception.out_of_range.403] key 'current_state' not found
[2026-09-01 14:33:58.013] [ERROR] (327) [json.exception.out_of_range.403] key 'current_state' not found
[2026-09-01 14:33:58.972] [ERROR] (327) [json.exception.out_of_range.403] key 'current_state' not found
[walk1] 起点 pos=(0,0) mile=0m  (pos有效:否)
[walk1] >>> 前进 0.5s @ mag=0.11（20Hz 连发 Move(0,0.11,0)）
[2026-09-01 14:33:59.927] [ERROR] (327) [json.exception.out_of_range.403] key 'current_state' not found
[walk1] >>> 停 Move(0,0,0)
[2026-09-01 14:34:00.937] [ERROR] (327) [json.exception.out_of_range.403] key 'current_state' not found
[2026-09-01 14:34:01.941] [ERROR] (327) [json.exception.out_of_range.403] key 'current_state' not found
[walk1] 终点 pos=(0,0) mile=0m
[walk1] === 位移(直线) ≈ 0 m ;  里程增量 ≈ 0 m ;  峰值前向速度 ≈ 0 m/s ===
[walk1] （据此:走 1 米约需 -1 s，仅供参考）
[walk1] >>> ReleaseControl
[2026-09-01 14:34:02.940] [ERROR] (327) [json.exception.out_of_range.403] key 'current_state' not found
[walk1] done.
